[digitonaut.com/art/yellow_starfield/index.html]
[digitonaut.com/art/yoyo/index.html]
[backblue.gif]
[fade.gif]
[index.html]
[digitonaut.com/art/zdog_colour_tunnel/index.html]
[digitonaut.com/art/zooming_lines/index.html]
[digitonaut.com/art/zoomquilt/index.html]
[digitonaut.com/art/yellow_starfield/index.html]
[digitonaut.com/art/yellow_starfield/main.js]
[digitonaut.com/art/yoyo/normalize.min.css]
[digitonaut.com/art/yoyo/Stats.min.js]
[digitonaut.com/art/yellow_starfield/three.min.js]
[digitonaut.com/art/yoyo/OrbitControls.js]
[digitonaut.com/art/yoyo/dat.gui.min.js]
[digitonaut.com/art/yoyo/script.js]
[digitonaut.com/art/yoyo/index.html]
[digitonaut.com/art/yoyo/chroma.min.js]
[digitonaut.com/art/yoyo/gsap.min.js]
[digitonaut.com/art/zdog_colour_tunnel/makeZdogBezier.min.js]
[digitonaut.com/art/zdog_colour_tunnel/zdog.dist.js]
[digitonaut.com/art/zdog_colour_tunnel/MorphSVGPlugin.min.js]
[digitonaut.com/art/zdog_colour_tunnel/index.html]
[digitonaut.com/art/zdog_colour_tunnel/script.js]
[digitonaut.com/art/zooming_lines/index.html]
[digitonaut.com/art/zooming_lines/script.js]
[digitonaut.com/art/zoomquilt/index.html]
[digitonaut.com/art/yellow_starfield/main.css]
[digitonaut.com/art/yoyo/normalize.min.css]
[digitonaut.com/art/yoyo/style.css]
[digitonaut.com/art/zdog_colour_tunnel/TweenMax.min.js]
[digitonaut.com/art/zoomquilt/jquery.min.js]
[digitonaut.com/art/yoyo/three.min.js]
[digitonaut.com/art/zdog_colour_tunnel/style.css]
[digitonaut.com/art/zooming_lines/style.css]
